// Jest Snapshot v1, https://goo.gl/fbAQLP

exports[`DocID .bytes 1`] = `
Uint8Array [
  206,
  1,
  0,
  1,
  133,
  1,
  18,
  32,
  84,
  179,
  109,
  86,
  78,
  173,
  242,
  220,
  63,
  166,
  43,
  94,
  52,
  240,
  80,
  102,
  174,
  138,
  255,
  216,
  30,
  185,
  101,
  36,
  150,
  57,
  240,
  167,
  85,
  209,
  179,
  188,
]
`;

exports[`DocID .toString() 1`] = `"kjzl6cwe1jw147dvq16zluojmraqvwdmbh61dx9e0c59i344lcrsgqfohexp60s"`;

exports[`DocID .toUrl() 1`] = `"ceramic://kjzl6cwe1jw147dvq16zluojmraqvwdmbh61dx9e0c59i344lcrsgqfohexp60s"`;

exports[`DocID .typeName if registered 1`] = `"No doctype registered for index 10"`;

exports[`DocID create by parts (type:int, cid:cid) 1`] = `"kjzl6cwe1jw147dvq16zluojmraqvwdmbh61dx9e0c59i344lcrsgqfohexp60s"`;

exports[`DocID create from bytes  1`] = `"kjzl6cwe1jw147dvq16zluojmraqvwdmbh61dx9e0c59i344lcrsgqfohexp60s"`;

exports[`DocID create from bytes inlcuding commit 0 1`] = `"kjzl6cwe1jw147dvq16zluojmraqvwdmbh61dx9e0c59i344lcrsgqfohexp60s"`;

exports[`DocID create from bytes inlcuding commit 1`] = `"kjzl6cwe1jw147dvq16zluojmraqvwdmbh61dx9e0c59i344lcrsgqfohexp60s"`;

exports[`DocID create from legacy string "/ceramic/" 1`] = `"kjzl6cwe1jw147dvq16zluojmraqvwdmbh61dx9e0c59i344lcrsgqfohexp60s"`;

exports[`DocID create from legacy string "/ceramic/" with commit param "?commit=" 1`] = `"kjzl6cwe1jw147dvq16zluojmraqvwdmbh61dx9e0c59i344lcrsgqfohexp60s"`;

exports[`DocID create from legacy string "/ceramic/" with commit param "?commit=0" 1`] = `"kjzl6cwe1jw147dvq16zluojmraqvwdmbh61dx9e0c59i344lcrsgqfohexp60s"`;

exports[`DocID create from string 1`] = `"kjzl6cwe1jw147dvq16zluojmraqvwdmbh61dx9e0c59i344lcrsgqfohexp60s"`;

exports[`DocID create from string including commit 0 1`] = `"kjzl6cwe1jw147dvq16zluojmraqvwdmbh61dx9e0c59i344lcrsgqfohexp60s"`;

exports[`DocID create from string including commit 1`] = `"kjzl6cwe1jw147dvq16zluojmraqvwdmbh61dx9e0c59i344lcrsgqfohexp60s"`;

exports[`DocID create from url string 1`] = `"kjzl6cwe1jw147dvq16zluojmraqvwdmbh61dx9e0c59i344lcrsgqfohexp60s"`;

exports[`nodejs inspect 1`] = `"DocID(kjzl6cwe1jw147dvq16zluojmraqvwdmbh61dx9e0c59i344lcrsgqfohexp60s)"`;
